[demo.egenslab.com/html/triprex/preview/index2.html]
[demo.egenslab.com/html/triprex/preview/assets/css/bootstrap.min.css]
[demo.egenslab.com/html/triprex/preview/assets/css/jquery-ui.css]
[demo.egenslab.com/html/triprex/preview/assets/css/bootstrap-icons.css]
[demo.egenslab.com/html/triprex/preview/assets/css/all.min.css]
[demo.egenslab.com/html/triprex/preview/assets/css/animate.min.css]
[demo.egenslab.com/html/triprex/preview/assets/css/jquery.fancybox.min.css]
[demo.egenslab.com/html/triprex/preview/assets/css/fontawesome.min.css]
[demo.egenslab.com/html/triprex/preview/assets/css/swiper-bundle.min.css]
[demo.egenslab.com/html/triprex/preview/assets/css/daterangepicker.css]
[demo.egenslab.com/html/triprex/preview/assets/css/slick.css]
[demo.egenslab.com/html/triprex/preview/assets/css/slick-theme.css]
[demo.egenslab.com/html/triprex/preview/assets/css/boxicons.min.css]
[demo.egenslab.com/html/triprex/preview/assets/css/select2.css]
[demo.egenslab.com/html/triprex/preview/assets/css/nice-select.css]
[backblue.gif]
[fade.gif]
[index.html]
[demo.egenslab.com/html/triprex/preview/assets/img/sm-logo.svg]
[demo.egenslab.com/html/triprex/preview/assets/css/style.css]
[demo.egenslab.com/html/triprex/preview/assets/img/logo.svg]
[demo.egenslab.com/html/triprex/preview/index.html]
[demo.egenslab.com/html/triprex/preview/activities-details.html]
[demo.egenslab.com/html/triprex/preview/assets/img/home2/destination-card-sidebar-img1.png]
[demo.egenslab.com/html/triprex/preview/assets/img/home2/destination-card-sidebar-img2.png]
[demo.egenslab.com/html/triprex/preview/assets/img/home2/destination-card-sidebar-img3.png]
[demo.egenslab.com/html/triprex/preview/destination-details.html]
[demo.egenslab.com/html/triprex/preview/assets/img/home2/destination-card-sidebar-img4.png]
[demo.egenslab.com/html/triprex/preview/assets/img/home1/login-modal-header-img.jpg]
[demo.egenslab.com/html/triprex/preview/destination2.html]
[demo.egenslab.com/html/triprex/preview/assets/img/home1/icon/google-icon.svg]
[demo.egenslab.com/html/triprex/preview/assets/img/logo2.svg]
[demo.egenslab.com/html/triprex/preview/index3.html]
[demo.egenslab.com/html/triprex/preview/index5.html]
[demo.egenslab.com/html/triprex/preview/index4.html]
[demo.egenslab.com/html/triprex/preview/about.html]
[demo.egenslab.com/html/triprex/preview/package-grid.html]
[demo.egenslab.com/html/triprex/preview/index6.html]
[demo.egenslab.com/html/triprex/preview/package-sidebar.html]
[demo.egenslab.com/html/triprex/preview/package-top-search.html]
[demo.egenslab.com/html/triprex/preview/package-category.html]
[demo.egenslab.com/html/triprex/preview/package-details.html]
[demo.egenslab.com/html/triprex/preview/destination1.html]
[demo.egenslab.com/html/triprex/preview/destination3.html]
[demo.egenslab.com/html/triprex/preview/destination4.html]
[demo.egenslab.com/html/triprex/preview/destination5.html]
[demo.egenslab.com/html/triprex/preview/hotel-suits.html]
[demo.egenslab.com/html/triprex/preview/hotel-details.html]
[demo.egenslab.com/html/triprex/preview/activities.html]
[demo.egenslab.com/html/triprex/preview/transport.html]
[demo.egenslab.com/html/triprex/preview/transport-details.html]
[demo.egenslab.com/html/triprex/preview/visa.html]
[demo.egenslab.com/html/triprex/preview/visa-details.html]
[demo.egenslab.com/html/triprex/preview/blog-grid.html]
[demo.egenslab.com/html/triprex/preview/blog-standard.html]
[demo.egenslab.com/html/triprex/preview/blog-grid-sidebar.html]
[demo.egenslab.com/html/triprex/preview/blog-standard-sidebar.html]
[demo.egenslab.com/html/triprex/preview/blog-details.html]
[demo.egenslab.com/html/triprex/preview/guide1.html]
[demo.egenslab.com/html/triprex/preview/guide2.html]
[demo.egenslab.com/html/triprex/preview/guide3.html]
[demo.egenslab.com/html/triprex/preview/guide4.html]
[demo.egenslab.com/html/triprex/preview/guide5.html]
[demo.egenslab.com/html/triprex/preview/shop.html]
[demo.egenslab.com/html/triprex/preview/product-details.html]
[demo.egenslab.com/html/triprex/preview/cart.html]
[demo.egenslab.com/html/triprex/preview/checkout.html]
[demo.egenslab.com/html/triprex/preview/dashboard.html]
[demo.egenslab.com/html/triprex/preview/customer-dashboard.html]
[demo.egenslab.com/html/triprex/preview/gallery.html]
[demo.egenslab.com/html/triprex/preview/faq.html]
[demo.egenslab.com/html/triprex/preview/error.html]
[demo.egenslab.com/html/triprex/preview/assets/img/home2/home2-banner-img1.jpg]
[demo.egenslab.com/html/triprex/preview/contact.html]
[demo.egenslab.com/html/triprex/preview/assets/img/home2/home2-banner-img2.jpg]
[demo.egenslab.com/html/triprex/preview/assets/img/home2/home2-banner-img3.jpg]
[demo.egenslab.com/html/triprex/preview/assets/img/home2/home2-banner-img4.jpg]
[demo.egenslab.com/html/triprex/preview/assets/img/home1/icon/tripadvisor-logo.svg]
[demo.egenslab.com/html/triprex/preview/assets/img/home2/destination-card2-img1.jpg]
[demo.egenslab.com/html/triprex/preview/assets/img/home2/destination-card2-img2.jpg]
[demo.egenslab.com/html/triprex/preview/assets/img/home2/destination-card2-img3.jpg]
[demo.egenslab.com/html/triprex/preview/assets/img/home2/destination-card2-img4.jpg]
[demo.egenslab.com/html/triprex/preview/assets/img/home2/destination-card2-img5.jpg]
[demo.egenslab.com/html/triprex/preview/assets/img/home2/destination-card2-img6.jpg]
[demo.egenslab.com/html/triprex/preview/assets/img/home2/destination-card2-img7.jpg]
[demo.egenslab.com/html/triprex/preview/assets/img/home2/package-card3-img1.png]
[demo.egenslab.com/html/triprex/preview/assets/img/home2/package-card3-img2.png]
[demo.egenslab.com/html/triprex/preview/assets/img/home2/package-card3-img3.png]
[demo.egenslab.com/html/triprex/preview/assets/img/home2/package-card3-img7.png]
[demo.egenslab.com/html/triprex/preview/assets/img/home2/package-card3-img8.png]
[demo.egenslab.com/html/triprex/preview/assets/img/home2/package-card3-img9.png]
[demo.egenslab.com/html/triprex/preview/assets/img/home2/icon/facility-card-icon1.svg]
[demo.egenslab.com/html/triprex/preview/assets/img/home2/icon/facility-card-icon2.svg]
[demo.egenslab.com/html/triprex/preview/assets/img/home2/icon/facility-card-icon3.svg]
[demo.egenslab.com/html/triprex/preview/assets/img/home2/home2-about-img1.png]
[demo.egenslab.com/html/triprex/preview/assets/img/home2/vector/plane-vector.svg]
[demo.egenslab.com/html/triprex/preview/assets/img/home2/icon/tripadvisor-star.svg]
[demo.egenslab.com/html/triprex/preview/assets/img/home2/icon/tripadvisor-logo.svg]
[demo.egenslab.com/html/triprex/preview/assets/img/home2/zip-lining-01.jpg]
[demo.egenslab.com/html/triprex/preview/assets/img/home2/zip-lining-02.jpg]
[demo.egenslab.com/html/triprex/preview/assets/img/home2/bungee-jump-01.jpg]
[demo.egenslab.com/html/triprex/preview/assets/img/home2/bungee-jump-02.jpg]
[demo.egenslab.com/html/triprex/preview/assets/img/home2/rafting-01.jpg]
[demo.egenslab.com/html/triprex/preview/assets/img/home2/rafting-02.jpg]
[demo.egenslab.com/html/triprex/preview/assets/img/home2/paragliding-01.jpg]
[demo.egenslab.com/html/triprex/preview/assets/img/home2/paragliding-02.jpg]
[demo.egenslab.com/html/triprex/preview/assets/img/home2/ski-touring-01.jpg]
[demo.egenslab.com/html/triprex/preview/assets/img/home2/ski-touring-02.jpg]
[demo.egenslab.com/html/triprex/preview/assets/img/home2/banner4-card-img1.png]
[demo.egenslab.com/html/triprex/preview/assets/img/home2/banner4-card-img2.png]
[demo.egenslab.com/html/triprex/preview/assets/img/home2/banner4-card-img3.png]
[demo.egenslab.com/html/triprex/preview/assets/img/home2/package-card3-img4.png]
[demo.egenslab.com/html/triprex/preview/assets/img/home2/package-card3-img5.png]
[demo.egenslab.com/html/triprex/preview/assets/img/home2/package-card3-img6.png]
[demo.egenslab.com/html/triprex/preview/assets/img/home2/icon/trustpilot-logo.svg]
[demo.egenslab.com/html/triprex/preview/assets/img/home2/icon/trustpilot-star.svg]
[demo.egenslab.com/html/triprex/preview/assets/img/home2/icon/tripadvisor-logo2.svg]
[demo.egenslab.com/html/triprex/preview/assets/img/home2/icon/tripadvisor-star2.svg]
[demo.egenslab.com/html/triprex/preview/assets/img/home2/vector/testi-quote.svg]
[demo.egenslab.com/html/triprex/preview/assets/img/home1/testi-author-img1.png]
[demo.egenslab.com/html/triprex/preview/assets/img/home1/testi-author-img2.png]
[demo.egenslab.com/html/triprex/preview/assets/img/home1/testi-author-img3.png]
[demo.egenslab.com/html/triprex/preview/assets/img/home2/teams-card-bg.png]
[demo.egenslab.com/html/triprex/preview/assets/img/home2/teams-card-img1.png]
[demo.egenslab.com/html/triprex/preview/assets/img/home2/teams-card-img2.png]
[demo.egenslab.com/html/triprex/preview/assets/img/home2/teams-card-img3.png]
[demo.egenslab.com/html/triprex/preview/assets/img/home2/teams-card-img4.png]
[demo.egenslab.com/html/triprex/preview/assets/img/home2/teams-card-img5.png]
[demo.egenslab.com/html/triprex/preview/assets/img/home2/teams-card-img6.png]
[demo.egenslab.com/html/triprex/preview/assets/img/home2/teams-card-img7.png]
[demo.egenslab.com/html/triprex/preview/assets/video/production_.mp4]
[demo.egenslab.com/html/triprex/preview/assets/img/home2/blog-card-img1.png]
[demo.egenslab.com/html/triprex/preview/assets/img/home2/blog-card-img2.png]
[demo.egenslab.com/html/triprex/preview/assets/img/home2/home2-newsletter-vector1.png]
[demo.egenslab.com/html/triprex/preview/assets/img/home2/home2-newsletter-vector2.png]
[demo.egenslab.com/html/triprex/preview/assets/img/home1/icon/visa-logo.svg]
[demo.egenslab.com/html/triprex/preview/assets/img/home1/icon/stripe-logo.svg]
[demo.egenslab.com/html/triprex/preview/assets/img/home1/icon/paypal-logo.svg]
[demo.egenslab.com/html/triprex/preview/assets/img/home1/icon/woo-logo.svg]
[demo.egenslab.com/html/triprex/preview/assets/img/home1/icon/skrill-logo.svg]
[demo.egenslab.com/html/triprex/preview/assets/js/jquery-3.7.1.min.js]
[demo.egenslab.com/html/triprex/preview/assets/js/jquery-ui.js]
[demo.egenslab.com/html/triprex/preview/assets/js/moment.min.js]
[demo.egenslab.com/html/triprex/preview/assets/js/daterangepicker.min.js]
[demo.egenslab.com/html/triprex/preview/assets/js/bootstrap.min.js]
[demo.egenslab.com/html/triprex/preview/assets/js/popper.min.js]
[demo.egenslab.com/html/triprex/preview/assets/js/swiper-bundle.min.js]
[demo.egenslab.com/html/triprex/preview/assets/js/slick.js]
[demo.egenslab.com/html/triprex/preview/assets/js/waypoints.min.js]
[demo.egenslab.com/html/triprex/preview/assets/js/jquery.counterup.min.js]
[demo.egenslab.com/html/triprex/preview/assets/js/isotope.pkgd.min.js]
[demo.egenslab.com/html/triprex/preview/assets/js/jquery.magnific-popup.min.js]
[demo.egenslab.com/html/triprex/preview/assets/js/jquery.marquee.min.js]
[demo.egenslab.com/html/triprex/preview/assets/js/jquery.nice-select.min.js]
[demo.egenslab.com/html/triprex/preview/assets/js/select2.min.js]
[demo.egenslab.com/html/triprex/preview/assets/js/jquery.fancybox.min.js]
[demo.egenslab.com/html/triprex/preview/assets/js/custom.js]
[demo.egenslab.com/html/triprex/preview/index2.html]
[demo.egenslab.com/html/triprex/preview/assets/css/bootstrap.min.css]
[demo.egenslab.com/html/triprex/preview/assets/css/jquery-ui.css]
[demo.egenslab.com/html/triprex/preview/assets/css/fonts/bootstrap-icons09cf.woff2]
[demo.egenslab.com/html/triprex/preview/assets/css/bootstrap-icons.css]
[demo.egenslab.com/html/triprex/preview/assets/css/fonts/bootstrap-icons09cf.woff]
[demo.egenslab.com/html/triprex/preview/assets/webfonts/fa-brands-400.eot]
[demo.egenslab.com/html/triprex/preview/assets/webfonts/fa-brands-400.woff2]
[demo.egenslab.com/html/triprex/preview/assets/webfonts/fa-brands-400d41d.eot]
[demo.egenslab.com/html/triprex/preview/assets/webfonts/fa-brands-400.woff]
[demo.egenslab.com/html/triprex/preview/assets/webfonts/fa-brands-400.ttf]
[demo.egenslab.com/html/triprex/preview/assets/webfonts/fa-regular-400.eot]
[demo.egenslab.com/html/triprex/preview/assets/webfonts/fa-brands-400.svg]
[demo.egenslab.com/html/triprex/preview/assets/webfonts/fa-regular-400d41d.eot]
[demo.egenslab.com/html/triprex/preview/assets/webfonts/fa-regular-400.woff2]
[demo.egenslab.com/html/triprex/preview/assets/webfonts/fa-regular-400.woff]
[demo.egenslab.com/html/triprex/preview/assets/webfonts/fa-regular-400.ttf]
[demo.egenslab.com/html/triprex/preview/assets/webfonts/fa-regular-400.svg]
[demo.egenslab.com/html/triprex/preview/assets/webfonts/fa-solid-900.eot]
[demo.egenslab.com/html/triprex/preview/assets/webfonts/fa-solid-900.woff2]
[demo.egenslab.com/html/triprex/preview/assets/webfonts/fa-solid-900d41d.eot]
[demo.egenslab.com/html/triprex/preview/assets/webfonts/fa-solid-900.woff]
[demo.egenslab.com/html/triprex/preview/assets/webfonts/fa-solid-900.ttf]
[demo.egenslab.com/html/triprex/preview/assets/css/all.min.css]
[demo.egenslab.com/html/triprex/preview/assets/css/animate.min.css]
[demo.egenslab.com/html/triprex/preview/assets/css/jquery.fancybox.min.css]
[demo.egenslab.com/html/triprex/preview/assets/css/fontawesome.min.css]
[demo.egenslab.com/html/triprex/preview/assets/css/swiper-bundle.min.css]
[demo.egenslab.com/html/triprex/preview/assets/css/daterangepicker.css]
[demo.egenslab.com/html/triprex/preview/assets/css/slick.css]
[demo.egenslab.com/html/triprex/preview/assets/webfonts/fa-solid-900.svg]
[demo.egenslab.com/html/triprex/preview/assets/css/ajax-loader.gif]
[demo.egenslab.com/html/triprex/preview/assets/css/fonts/slick.eot]
[demo.egenslab.com/html/triprex/preview/assets/css/fonts/slickd41d.eot]
[demo.egenslab.com/html/triprex/preview/assets/css/fonts/slick.woff]
[demo.egenslab.com/html/triprex/preview/assets/css/fonts/slick.ttf]
[demo.egenslab.com/html/triprex/preview/assets/css/fonts/slick.svg]
[demo.egenslab.com/html/triprex/preview/assets/css/slick-theme.css]
[demo.egenslab.com/html/triprex/preview/assets/fonts/boxicons.eot]
[demo.egenslab.com/html/triprex/preview/assets/fonts/boxicons.woff2]
[demo.egenslab.com/html/triprex/preview/assets/fonts/boxicons.ttf]
[demo.egenslab.com/html/triprex/preview/assets/fonts/boxicons.woff]
[demo.egenslab.com/html/triprex/preview/assets/css/boxicons.min.css]
[demo.egenslab.com/html/triprex/preview/assets/css/select2.css]
[demo.egenslab.com/html/triprex/preview/assets/css/nice-select.css]
[demo.egenslab.com/html/triprex/preview/assets/img/home5/vector/primary-btn5-bg.svg]
[demo.egenslab.com/html/triprex/preview/assets/fonts/boxiconsd41d.svg]
[demo.egenslab.com/html/triprex/preview/assets/img/home5/vector/secondary-btn3-bg.svg]
[demo.egenslab.com/html/triprex/preview/assets/img/home2/vector/section-title-tag.svg]
[demo.egenslab.com/html/triprex/preview/assets/img/home5/vector/section-title4-tag-bg.svg]
[demo.egenslab.com/html/triprex/preview/assets/img/sidebar-bg.png]
[demo.egenslab.com/html/triprex/preview/assets/img/home1/vector/destination-banner-batch-bg.svg]
[demo.egenslab.com/html/triprex/preview/assets/img/home1/vector/destination-tag.svg]
[demo.egenslab.com/html/triprex/preview/assets/img/home1/destination-banner-bg.png]
[demo.egenslab.com/html/triprex/preview/assets/img/home1/facility-content-bg.png]
[demo.egenslab.com/html/triprex/preview/assets/img/home1/rating-bg.png]
[demo.egenslab.com/html/triprex/preview/assets/img/home1/vector/section-bg-vector1.svg]
[demo.egenslab.com/html/triprex/preview/assets/img/home1/feature-card-bg1.png]
[demo.egenslab.com/html/triprex/preview/assets/img/home1/feature-card-bg2.png]
[demo.egenslab.com/html/triprex/preview/assets/img/home1/feature-card-bg3.png]
[demo.egenslab.com/html/triprex/preview/assets/img/home1/package-card-tab-bg.png]
[demo.egenslab.com/html/triprex/preview/assets/img/home1/package-card-nav-bg.png]
[demo.egenslab.com/html/triprex/preview/assets/img/home1/package-card-nav-bg2.png]
[demo.egenslab.com/html/triprex/preview/assets/img/home1/package-card-nav-bg3.png]
[demo.egenslab.com/html/triprex/preview/assets/img/home1/package-card-nav-bg4.png]
[demo.egenslab.com/html/triprex/preview/assets/img/home1/package-card-nav-bg5.png]
[demo.egenslab.com/html/triprex/preview/assets/img/home1/vector/activities-content-tag.svg]
[demo.egenslab.com/html/triprex/preview/assets/img/home1/vector/section-bg-vector2.svg]
[demo.egenslab.com/html/triprex/preview/assets/img/home1/vector/banner2-content-bg1.svg]
[demo.egenslab.com/html/triprex/preview/assets/img/home1/vector/banner2-content-bg2.svg]
[demo.egenslab.com/html/triprex/preview/assets/img/home1/vector/banner2-content-bg3.svg]
[demo.egenslab.com/html/triprex/preview/assets/img/home1/vector/banner2-content-bg4.svg]
[demo.egenslab.com/html/triprex/preview/assets/img/home3/vector/banner2-content-bg2.svg]
[demo.egenslab.com/html/triprex/preview/assets/img/home3/vector/banner2-content-bg1.svg]
[demo.egenslab.com/html/triprex/preview/assets/img/home2/vector/testimonial-card-bg.svg]
[demo.egenslab.com/html/triprex/preview/assets/img/home1/vector/package-card2-tag.svg]
[demo.egenslab.com/html/triprex/preview/assets/img/home1/package-card2-content-bg1.png]
[demo.egenslab.com/html/triprex/preview/assets/img/home1/package-card2-content-bg2.png]
[demo.egenslab.com/html/triprex/preview/assets/img/home1/newsletter-bg.png]
[demo.egenslab.com/html/triprex/preview/assets/img/footer-bg.png]
[demo.egenslab.com/html/triprex/preview/assets/img/footer-bg2.png]
[demo.egenslab.com/html/triprex/preview/assets/img/home2/vector/destination-tag-bg.svg]
[demo.egenslab.com/html/triprex/preview/assets/img/home2/vector/package-card3-img-tag.svg]
[demo.egenslab.com/html/triprex/preview/assets/img/home3/vector/eg-batch-orange-vector.svg]
[demo.egenslab.com/html/triprex/preview/assets/img/home2/tour-pack-section-bg.png]
[demo.egenslab.com/html/triprex/preview/assets/img/home2/vector/home2-about-bg-vector.svg]
[demo.egenslab.com/html/triprex/preview/assets/img/home2/home2-about-img-bg-vector.png]
[demo.egenslab.com/html/triprex/preview/assets/img/home2/activities-content-bg.png]
[demo.egenslab.com/html/triprex/preview/assets/img/home2/home2-testimonial-bg.png]
[demo.egenslab.com/html/triprex/preview/assets/img/home2/testi-section-vector.png]
[demo.egenslab.com/html/triprex/preview/assets/img/home2/banner5-card-bg.png]
[demo.egenslab.com/html/triprex/preview/assets/img/home2/home2-newsletter-bg.png]
[demo.egenslab.com/html/triprex/preview/assets/img/home3/vector/destination-tag-bg.svg]
[demo.egenslab.com/html/triprex/preview/assets/img/home3/destination-dropdown-bg.png]
[demo.egenslab.com/html/triprex/preview/assets/img/home3/vector/activities-content-tag.svg]
[demo.egenslab.com/html/triprex/preview/assets/img/home3/testimonial-card-bg.png]
[demo.egenslab.com/html/triprex/preview/assets/img/home4/home4-testimonial-card-bg.png]
[demo.egenslab.com/html/triprex/preview/assets/img/home3/testimonial-section-bg.png]
[demo.egenslab.com/html/triprex/preview/assets/img/home3/vector/teams-section-vector.svg]
[demo.egenslab.com/html/triprex/preview/assets/img/home4/home4-banner-bg.png]
[demo.egenslab.com/html/triprex/preview/assets/img/home4/banner-slider-btn-bg.png]
[demo.egenslab.com/html/triprex/preview/assets/img/home4/vector/home4-section-bg.svg]
[demo.egenslab.com/html/triprex/preview/assets/img/home4/home4-banner2-bg.png]
[demo.egenslab.com/html/triprex/preview/assets/img/home4/vector/home4-section-bg2.svg]
[demo.egenslab.com/html/triprex/preview/assets/img/home4/home4-banner3-bg.png]
[demo.egenslab.com/html/triprex/preview/assets/img/home4/package-card-slider-bg.png]
[demo.egenslab.com/html/triprex/preview/assets/img/home4/package-card4-bg.png]
[demo.egenslab.com/html/triprex/preview/assets/img/home4/hom4-testiomial-bg.png]
[demo.egenslab.com/html/triprex/preview/assets/img/home4/vector/testi-vector1.svg]
[demo.egenslab.com/html/triprex/preview/assets/img/home4/vector/testi-vector2.svg]
[demo.egenslab.com/html/triprex/preview/assets/img/home4/activity-counter-bg.png]
[demo.egenslab.com/html/triprex/preview/assets/img/home5/home5-banner-bg.png]
[demo.egenslab.com/html/triprex/preview/assets/img/home5/banner-price-card-bg.png]
[demo.egenslab.com/html/triprex/preview/assets/img/home5/about-img-bg.png]
[demo.egenslab.com/html/triprex/preview/assets/img/home5/destination-card-slider-bg.png]
[demo.egenslab.com/html/triprex/preview/assets/img/home5/vector/pagination-bg.svg]
[demo.egenslab.com/html/triprex/preview/assets/img/home5/visa-application-section-bg.png]
[demo.egenslab.com/html/triprex/preview/assets/img/home5/home5-banner3-img.jpg]
[demo.egenslab.com/html/triprex/preview/assets/img/home6/home6-banner-bg.png]
[demo.egenslab.com/html/triprex/preview/assets/img/home6/destination-section-bg.png]
[demo.egenslab.com/html/triprex/preview/assets/img/home6/vector/destination-section-vector1.png]
[demo.egenslab.com/html/triprex/preview/assets/img/home6/vector/destination-section-vector2.png]
[demo.egenslab.com/html/triprex/preview/assets/img/home6/about-video-and-batch-vector.png]
[demo.egenslab.com/html/triprex/preview/assets/img/home6/tourpack-section-bg.png]
[demo.egenslab.com/html/triprex/preview/assets/img/home6/vector/tourpack-section-vector1.png]
[demo.egenslab.com/html/triprex/preview/assets/img/home6/vector/tourpack-section-vector2.png]
[demo.egenslab.com/html/triprex/preview/assets/img/home6/home6-banner2-bg.png]
[demo.egenslab.com/html/triprex/preview/assets/img/home6/home6-visa-section-bg.png]
[demo.egenslab.com/html/triprex/preview/assets/img/home6/home6-testimonial-bg.png]
[demo.egenslab.com/html/triprex/preview/assets/img/innerpage/icon/arrow.svg]
[demo.egenslab.com/html/triprex/preview/assets/img/home1/section-vector1.png]
[demo.egenslab.com/html/triprex/preview/assets/img/home1/section-vector2.png]
[demo.egenslab.com/html/triprex/preview/assets/img/innerpage/location-gallery-bg1.jpg]
[demo.egenslab.com/html/triprex/preview/assets/img/innerpage/gallery-01.jpg]
[demo.egenslab.com/html/triprex/preview/assets/img/innerpage/gallery-02.jpg]
[demo.egenslab.com/html/triprex/preview/assets/img/innerpage/gallery-03.jpg]
[demo.egenslab.com/html/triprex/preview/assets/img/innerpage/gallery-04.jpg]
[demo.egenslab.com/html/triprex/preview/assets/img/innerpage/destination-img-01.jpg]
[demo.egenslab.com/html/triprex/preview/assets/img/innerpage/error-bg.png]
[demo.egenslab.com/html/triprex/preview/assets/img/innerpage/checkbox-check.svg]
[demo.egenslab.com/html/triprex/preview/assets/css/style.css]
[demo.egenslab.com/html/triprex/preview/assets/img/sm-logo.svg]
[demo.egenslab.com/html/triprex/preview/assets/img/home1/home1-banner-img1.png]
[demo.egenslab.com/html/triprex/preview/assets/img/home1/home1-banner-img2.png]
[demo.egenslab.com/html/triprex/preview/assets/img/home1/home1-banner-img3.png]
[demo.egenslab.com/html/triprex/preview/assets/img/home1/home1-banner-img4.png]
[demo.egenslab.com/html/triprex/preview/assets/img/home1/customer-img-grp.png]
[demo.egenslab.com/html/triprex/preview/assets/img/home1/about-img.png]
[demo.egenslab.com/html/triprex/preview/assets/img/home1/vector/about-img-bg-vector.svg]
[demo.egenslab.com/html/triprex/preview/assets/img/home1/destination-card-img1.jpg]
[demo.egenslab.com/html/triprex/preview/assets/img/home1/destination-card-img2.jpg]
[demo.egenslab.com/html/triprex/preview/assets/img/home1/destination-card-img3.jpg]
[demo.egenslab.com/html/triprex/preview/assets/img/home1/destination-card-img4.jpg]
[demo.egenslab.com/html/triprex/preview/assets/img/home1/destination-card-img5.jpg]
[demo.egenslab.com/html/triprex/preview/assets/img/home1/package-card-img1.png]
[demo.egenslab.com/html/triprex/preview/assets/img/home1/package-card-img2.png]
[demo.egenslab.com/html/triprex/preview/assets/img/home1/package-card-img3.png]
[demo.egenslab.com/html/triprex/preview/assets/img/home1/package-card-img4.png]
[demo.egenslab.com/html/triprex/preview/assets/img/home1/package-card-img5.png]
[demo.egenslab.com/html/triprex/preview/assets/img/home1/package-card-img6.png]
[demo.egenslab.com/html/triprex/preview/assets/img/innerpage/room-img-01.jpg]
[demo.egenslab.com/html/triprex/preview/assets/img/innerpage/room-img-06.jpg]
[demo.egenslab.com/html/triprex/preview/assets/img/innerpage/room-img-04.jpg]
[demo.egenslab.com/html/triprex/preview/assets/img/innerpage/room-img-02.jpg]
[demo.egenslab.com/html/triprex/preview/assets/img/innerpage/room-img-03.jpg]
[demo.egenslab.com/html/triprex/preview/assets/img/innerpage/room-img-05.jpg]
[demo.egenslab.com/html/triprex/preview/assets/img/innerpage/sajhek.jpg]
[demo.egenslab.com/html/triprex/preview/assets/img/innerpage/ifel-tower.jpg]
[demo.egenslab.com/html/triprex/preview/assets/img/innerpage/kashmir.jpg]
[demo.egenslab.com/html/triprex/preview/assets/img/innerpage/mount-averest.jpg]
[demo.egenslab.com/html/triprex/preview/assets/img/innerpage/picturesque-costal-town.jpg]
[demo.egenslab.com/html/triprex/preview/assets/img/innerpage/prince-edward-iceland.jpg]
[demo.egenslab.com/html/triprex/preview/assets/img/home1/facility-img.png]
[demo.egenslab.com/html/triprex/preview/assets/img/home1/icon/tripadvisor-logo2.svg]
[demo.egenslab.com/html/triprex/preview/assets/img/home1/rating-img1.png]
[demo.egenslab.com/html/triprex/preview/assets/img/home1/rating-img2.png]
[demo.egenslab.com/html/triprex/preview/assets/img/home1/section-vector3.png]
[demo.egenslab.com/html/triprex/preview/assets/img/home1/section-vector4.png]
[demo.egenslab.com/html/triprex/preview/assets/img/home1/section-vector5.png]
[demo.egenslab.com/html/triprex/preview/assets/img/home1/section-vector6.png]
[demo.egenslab.com/html/triprex/preview/assets/img/home1/package-card-img7.png]
[demo.egenslab.com/html/triprex/preview/assets/img/home1/package-card-img8.png]
[demo.egenslab.com/html/triprex/preview/assets/img/home1/package-card-img9.png]
[demo.egenslab.com/html/triprex/preview/assets/img/home1/zip-landing-01.jpg]
[demo.egenslab.com/html/triprex/preview/assets/img/home1/zip-landing-02.jpg]
[demo.egenslab.com/html/triprex/preview/assets/img/home1/bungee-jump-01.jpg]
[demo.egenslab.com/html/triprex/preview/assets/img/home1/bungee-jump-02.jpg]
[demo.egenslab.com/html/triprex/preview/assets/img/home1/rafting-01.jpg]
[demo.egenslab.com/html/triprex/preview/assets/img/home1/rafting-02.jpg]
[demo.egenslab.com/html/triprex/preview/assets/img/home1/ski-touring-01.jpg]
[demo.egenslab.com/html/triprex/preview/assets/img/home1/ski-touring-02.jpg]
[demo.egenslab.com/html/triprex/preview/assets/img/home1/paragliding-01.jpg]
[demo.egenslab.com/html/triprex/preview/assets/img/home1/paragliding-02.jpg]
[demo.egenslab.com/html/triprex/preview/assets/img/home1/surfing-01.jpg]
[demo.egenslab.com/html/triprex/preview/assets/img/home1/surfing-02.jpg]
[demo.egenslab.com/html/triprex/preview/assets/img/home1/banner2-card-img1.png]
[demo.egenslab.com/html/triprex/preview/assets/img/home1/banner2-card-img3.png]
[demo.egenslab.com/html/triprex/preview/assets/img/home1/banner2-card-img4.png]
[demo.egenslab.com/html/triprex/preview/assets/img/home1/banner2-card-img2.png]
[demo.egenslab.com/html/triprex/preview/assets/img/home1/icon/tripadvisor-logo3.svg]
[demo.egenslab.com/html/triprex/preview/assets/img/home1/icon/facebook-logo.svg]
[demo.egenslab.com/html/triprex/preview/assets/img/home1/icon/google-logo.svg]
[demo.egenslab.com/html/triprex/preview/assets/img/home1/icon/tripadvisor-text-logo.svg]
[demo.egenslab.com/html/triprex/preview/assets/img/home1/icon/facebook-text-logo.svg]
[demo.egenslab.com/html/triprex/preview/assets/img/home1/icon/google-text-logo.svg]
[demo.egenslab.com/html/triprex/preview/assets/img/home1/blog-card-img1.png]
[demo.egenslab.com/html/triprex/preview/assets/img/home1/blog-card-img2.png]
[demo.egenslab.com/html/triprex/preview/assets/img/home1/blog-card-img3.png]
[demo.egenslab.com/html/triprex/preview/assets/img/home1/blog-card-img4.png]
[demo.egenslab.com/html/triprex/preview/assets/img/home1/package-card2-img1.png]
[demo.egenslab.com/html/triprex/preview/assets/img/home1/package-card2-img2.png]
[demo.egenslab.com/html/triprex/preview/assets/img/home1/package-card2-img3.png]
[demo.egenslab.com/html/triprex/preview/assets/img/home1/package-card2-img4.png]
[demo.egenslab.com/html/triprex/preview/assets/img/home1/package-card2-img5.png]
[demo.egenslab.com/html/triprex/preview/assets/img/home1/banner3-vector1.png]
[demo.egenslab.com/html/triprex/preview/assets/img/home1/banner3-vector2.png]
[demo.egenslab.com/html/triprex/preview/index.html]
[demo.egenslab.com/html/triprex/preview/assets/img/logo.svg]
[demo.egenslab.com/html/triprex/preview/assets/img/home3/icon/tripadvisor-sm-logo.svg]
[demo.egenslab.com/html/triprex/preview/assets/img/innerpage/inner-banner-bg.png]
[demo.egenslab.com/html/triprex/preview/assets/img/innerpage/ski-touring-01.jpg]
[demo.egenslab.com/html/triprex/preview/assets/img/innerpage/ski-touring-02.jpg]
[demo.egenslab.com/html/triprex/preview/assets/img/innerpage/ski-touring-03.jpg]
[demo.egenslab.com/html/triprex/preview/assets/img/innerpage/ski-touring-04.jpg]
[demo.egenslab.com/html/triprex/preview/assets/img/innerpage/ski-touring-05.jpg]
[demo.egenslab.com/html/triprex/preview/assets/img/innerpage/form-image.jpg]
[demo.egenslab.com/html/triprex/preview/assets/img/innerpage/comment-author-01.jpg]
[demo.egenslab.com/html/triprex/preview/assets/img/innerpage/comment-author-02.jpg]
[demo.egenslab.com/html/triprex/preview/assets/img/innerpage/comment-author-04.jpg]
[demo.egenslab.com/html/triprex/preview/assets/img/innerpage/comment-author-05.jpg]
[demo.egenslab.com/html/triprex/preview/assets/img/innerpage/support-img.jpg]
[demo.egenslab.com/html/triprex/preview/activities-details.html]
[demo.egenslab.com/html/triprex/preview/assets/img/innerpage/gallery-06.jpg]
[demo.egenslab.com/html/triprex/preview/assets/img/innerpage/gallery-05.jpg]
[demo.egenslab.com/html/triprex/preview/assets/img/innerpage/destination-img-02.jpg]
[demo.egenslab.com/html/triprex/preview/assets/img/home5/activity-card-img1.jpg]
[demo.egenslab.com/html/triprex/preview/assets/img/home5/activity-card-img2.jpg]
[demo.egenslab.com/html/triprex/preview/assets/img/home5/activity-card-img3.jpg]
[demo.egenslab.com/html/triprex/preview/assets/img/home5/activity-card-img4.jpg]
[demo.egenslab.com/html/triprex/preview/assets/img/home5/activity-card-img5.jpg]
[demo.egenslab.com/html/triprex/preview/assets/img/home5/activity-card-img6.jpg]
[demo.egenslab.com/html/triprex/preview/assets/img/home5/activity-card-img7.jpg]
[demo.egenslab.com/html/triprex/preview/destination-details.html]
[demo.egenslab.com/html/triprex/preview/assets/img/innerpage/destination2-img1.jpg]
[demo.egenslab.com/html/triprex/preview/assets/img/innerpage/destination2-img2.jpg]
[demo.egenslab.com/html/triprex/preview/assets/img/innerpage/destination2-img3.jpg]
[demo.egenslab.com/html/triprex/preview/assets/img/innerpage/destination2-img4.jpg]
[demo.egenslab.com/html/triprex/preview/assets/img/innerpage/destination2-img5.jpg]
[demo.egenslab.com/html/triprex/preview/destination2.html]
[demo.egenslab.com/html/triprex/preview/assets/img/home1/icon/google-icon.svg]
[demo.egenslab.com/html/triprex/preview/assets/img/logo2.svg]
[demo.egenslab.com/html/triprex/preview/assets/img/home3/home3-banner-img1.jpg]
[demo.egenslab.com/html/triprex/preview/assets/img/home3/home3-banner-img2.jpg]
[demo.egenslab.com/html/triprex/preview/assets/img/home3/home3-banner-img3.jpg]
[demo.egenslab.com/html/triprex/preview/assets/img/home3/home3-banner-img4.jpg]
[demo.egenslab.com/html/triprex/preview/assets/img/home3/about-video-img.png]
[demo.egenslab.com/html/triprex/preview/assets/img/home3/about-img.png]
[demo.egenslab.com/html/triprex/preview/assets/img/home3/package-card3-img1.png]
[demo.egenslab.com/html/triprex/preview/assets/img/home3/package-card3-img2.png]
[demo.egenslab.com/html/triprex/preview/assets/img/home3/package-card3-img3.png]
[demo.egenslab.com/html/triprex/preview/assets/img/home3/package-card3-img4.png]
[demo.egenslab.com/html/triprex/preview/assets/img/home3/package-card3-img5.png]
[demo.egenslab.com/html/triprex/preview/assets/img/home3/package-card3-img6.png]
[demo.egenslab.com/html/triprex/preview/assets/img/home3/vector/destination-vector1.svg]
[demo.egenslab.com/html/triprex/preview/assets/img/home3/destination-dropdown-card-img1.png]
[demo.egenslab.com/html/triprex/preview/assets/img/home3/vector/destination-vector2.svg]
[demo.egenslab.com/html/triprex/preview/assets/img/home3/destination-dropdown-card-img2.png]
[demo.egenslab.com/html/triprex/preview/assets/img/home3/destination-dropdown-card-img3.png]
[demo.egenslab.com/html/triprex/preview/assets/img/home3/destination-dropdown-card-img4.png]
[demo.egenslab.com/html/triprex/preview/assets/img/home3/destination-dropdown-card-img5.png]
[demo.egenslab.com/html/triprex/preview/assets/img/home3/destination-dropdown-card-img6.png]
[demo.egenslab.com/html/triprex/preview/assets/img/home3/banner4-card-img1.png]
[demo.egenslab.com/html/triprex/preview/assets/img/home3/banner4-card-img2.png]
[demo.egenslab.com/html/triprex/preview/assets/img/home3/banner2-card-img1.png]
[demo.egenslab.com/html/triprex/preview/assets/img/home3/vector/accordion-with-tab-vector1.svg]
[demo.egenslab.com/html/triprex/preview/assets/img/home3/accordion-with-tab-img.png]
[demo.egenslab.com/html/triprex/preview/assets/img/home3/vector/accordion-with-tab-vector2.svg]
[demo.egenslab.com/html/triprex/preview/assets/img/home3/zip-lining-01.jpg]
[demo.egenslab.com/html/triprex/preview/assets/img/home3/zip-lining-02.jpg]
[demo.egenslab.com/html/triprex/preview/assets/img/home3/Bungee-Jumping-01.jpg]
[demo.egenslab.com/html/triprex/preview/assets/img/home3/Bungee-Jumping-02.jpg]
[demo.egenslab.com/html/triprex/preview/assets/img/home3/Rafting-01.jpg]
[demo.egenslab.com/html/triprex/preview/assets/img/home3/Rafting-02.jpg]
[demo.egenslab.com/html/triprex/preview/assets/img/home3/Paragliding-01.jpg]
[demo.egenslab.com/html/triprex/preview/assets/img/home3/Paragliding-02.jpg]
[demo.egenslab.com/html/triprex/preview/assets/img/home3/ski-touring-01.jpg]
[demo.egenslab.com/html/triprex/preview/assets/img/home3/ski-touring-02.jpg]
[demo.egenslab.com/html/triprex/preview/assets/img/home3/Surfing-01.jpg]
[demo.egenslab.com/html/triprex/preview/assets/img/home3/Surfing-02.jpg]
[demo.egenslab.com/html/triprex/preview/assets/img/home3/activities-tab-nightlife-img1.jpg]
[demo.egenslab.com/html/triprex/preview/assets/img/home3/activities-tab-nightlife-img2.jpg]
[demo.egenslab.com/html/triprex/preview/assets/img/home3/activities-tab-volunteer-img2.jpg]
[demo.egenslab.com/html/triprex/preview/assets/img/home3/vector/book-tour-vector.svg]
[demo.egenslab.com/html/triprex/preview/assets/img/home3/vector/tour-type-section-vector1.svg]
[demo.egenslab.com/html/triprex/preview/assets/img/home3/testi-author-img1.png]
[demo.egenslab.com/html/triprex/preview/assets/img/home3/testi-author-img2.png]
[demo.egenslab.com/html/triprex/preview/assets/img/home3/testi-author-img3.png]
[demo.egenslab.com/html/triprex/preview/assets/img/home6/testimonial-author-img4.png]
[demo.egenslab.com/html/triprex/preview/assets/img/home6/testimonial-author-img2.png]
[demo.egenslab.com/html/triprex/preview/assets/img/home3/icon/testi-tripadvisor-logo.svg]
[demo.egenslab.com/html/triprex/preview/assets/img/home3/teams-card2-img1.png]
[demo.egenslab.com/html/triprex/preview/assets/img/home3/teams-card2-img2.png]
[demo.egenslab.com/html/triprex/preview/assets/img/home3/teams-card2-img3.png]
[demo.egenslab.com/html/triprex/preview/assets/img/home3/teams-card2-img4.png]
[demo.egenslab.com/html/triprex/preview/assets/img/home3/teams-card2-img5.png]
[demo.egenslab.com/html/triprex/preview/assets/img/home3/teams-card2-img6.png]
[demo.egenslab.com/html/triprex/preview/assets/img/home3/blog-card-img1.png]
[demo.egenslab.com/html/triprex/preview/assets/img/home3/blog-card-img2.png]
[demo.egenslab.com/html/triprex/preview/assets/img/home3/instagram-img1.png]
[demo.egenslab.com/html/triprex/preview/assets/img/home3/instagram-img2.png]
[demo.egenslab.com/html/triprex/preview/assets/img/home3/instagram-img3.png]
[demo.egenslab.com/html/triprex/preview/assets/img/home3/instagram-img4.png]
[demo.egenslab.com/html/triprex/preview/assets/img/home3/instagram-img5.png]
[demo.egenslab.com/html/triprex/preview/index3.html]
[demo.egenslab.com/html/triprex/preview/assets/img/home4/banner-img1.jpg]
[demo.egenslab.com/html/triprex/preview/assets/img/home4/banner-img2.jpg]
[demo.egenslab.com/html/triprex/preview/assets/img/home4/banner-img3.jpg]
[demo.egenslab.com/html/triprex/preview/assets/img/home4/banner-img4.jpg]
[demo.egenslab.com/html/triprex/preview/assets/img/home4/destination-card-img1.jpg]
[demo.egenslab.com/html/triprex/preview/assets/img/home4/destination-card-img2.jpg]
[demo.egenslab.com/html/triprex/preview/assets/img/home4/destination-card-img3.jpg]
[demo.egenslab.com/html/triprex/preview/assets/img/home4/destination-card-img4.jpg]
[demo.egenslab.com/html/triprex/preview/assets/img/home4/destination-card-img5.jpg]
[demo.egenslab.com/html/triprex/preview/assets/img/home4/destination-card-img6.jpg]
[demo.egenslab.com/html/triprex/preview/assets/img/home4/about-author-img.png]
[demo.egenslab.com/html/triprex/preview/assets/img/home4/home4-about-img1.png]
[demo.egenslab.com/html/triprex/preview/assets/img/home4/home4-about-img-bg-vector.png]
[demo.egenslab.com/html/triprex/preview/assets/img/home4/home4-banner2-img1.png]
[demo.egenslab.com/html/triprex/preview/assets/img/home4/home4-banner2-img2.png]
[demo.egenslab.com/html/triprex/preview/assets/img/home4/package-card-img1.jpg]
[demo.egenslab.com/html/triprex/preview/assets/img/home4/package-card-img2.jpg]
[demo.egenslab.com/html/triprex/preview/assets/img/home4/zip-line-01.jpg]
[demo.egenslab.com/html/triprex/preview/assets/img/home4/zip-line-02.jpg]
[demo.egenslab.com/html/triprex/preview/assets/img/home4/bange-jumping-01.jpg]
[demo.egenslab.com/html/triprex/preview/assets/img/home4/bange-jumping-02.jpg]
[demo.egenslab.com/html/triprex/preview/assets/img/home4/rafting-01.jpg]
[demo.egenslab.com/html/triprex/preview/assets/img/home4/rafting-02.jpg]
[demo.egenslab.com/html/triprex/preview/assets/img/home4/paragliding-01.jpg]
[demo.egenslab.com/html/triprex/preview/assets/img/home4/paragliding-02.jpg]
[demo.egenslab.com/html/triprex/preview/assets/img/home4/ski-touring-01.jpg]
[demo.egenslab.com/html/triprex/preview/assets/img/home4/ski-touring-02.jpg]
[demo.egenslab.com/html/triprex/preview/assets/img/home4/sarfing-01.jpg]
[demo.egenslab.com/html/triprex/preview/assets/img/home4/sarfing-02.jpg]
[demo.egenslab.com/html/triprex/preview/assets/img/home4/home4-banner3-img1.png]
[demo.egenslab.com/html/triprex/preview/assets/img/home4/package-card4-img1.jpg]
[demo.egenslab.com/html/triprex/preview/assets/img/home4/package-card4-img2.jpg]
[demo.egenslab.com/html/triprex/preview/assets/img/home4/teams-card2-img1.png]
[demo.egenslab.com/html/triprex/preview/assets/img/home4/teams-card2-img2.png]
[demo.egenslab.com/html/triprex/preview/assets/img/home4/teams-card2-img3.png]
[demo.egenslab.com/html/triprex/preview/assets/img/home4/teams-card2-img4.png]
[demo.egenslab.com/html/triprex/preview/assets/img/home4/teams-card2-img5.png]
[demo.egenslab.com/html/triprex/preview/assets/img/home4/teams-card2-img6.png]
[demo.egenslab.com/html/triprex/preview/assets/img/home4/teams-card2-img7.png]
[demo.egenslab.com/html/triprex/preview/assets/img/home4/blog-card-img1.jpg]
[demo.egenslab.com/html/triprex/preview/assets/img/home4/blog-card-img2.jpg]
[demo.egenslab.com/html/triprex/preview/assets/img/home4/blog-card-img3.jpg]
[demo.egenslab.com/html/triprex/preview/index4.html]
[demo.egenslab.com/html/triprex/preview/assets/img/home5/home5-banner-img1.jpg]
[demo.egenslab.com/html/triprex/preview/assets/img/home5/home5-banner-img2.jpg]
[demo.egenslab.com/html/triprex/preview/assets/img/home5/home5-banner-img3.jpg]
[demo.egenslab.com/html/triprex/preview/assets/img/home5/home5-banner-img4.jpg]
[demo.egenslab.com/html/triprex/preview/assets/img/home5/zip-lining-01.jpg]
[demo.egenslab.com/html/triprex/preview/assets/img/home5/bungee-jumping-01.jpg]
[demo.egenslab.com/html/triprex/preview/assets/img/home5/rafting-01.jpg]
[demo.egenslab.com/html/triprex/preview/assets/img/home5/paragliding-01.jpg]
[demo.egenslab.com/html/triprex/preview/assets/img/home5/ski-touring-01.jpg]
[demo.egenslab.com/html/triprex/preview/assets/img/home5/serfing-01.jpg]
[demo.egenslab.com/html/triprex/preview/assets/img/home5/about-img1.jpg]
[demo.egenslab.com/html/triprex/preview/assets/img/home5/about-img2.jpg]
[demo.egenslab.com/html/triprex/preview/assets/img/home5/destination-card3-img1.jpg]
[demo.egenslab.com/html/triprex/preview/assets/img/home5/destination-card3-img2.jpg]
[demo.egenslab.com/html/triprex/preview/assets/img/home5/destination-card3-img3.jpg]
[demo.egenslab.com/html/triprex/preview/assets/img/home5/destination-card3-img4.jpg]
[demo.egenslab.com/html/triprex/preview/assets/img/home5/destination-card3-img5.jpg]
[demo.egenslab.com/html/triprex/preview/assets/img/home5/destination-card3-img6.jpg]
[demo.egenslab.com/html/triprex/preview/assets/img/home5/destination-card3-img7.jpg]
[demo.egenslab.com/html/triprex/preview/assets/img/home5/package-card3-img1.jpg]
[demo.egenslab.com/html/triprex/preview/assets/img/home5/package-card3-img2.jpg]
[demo.egenslab.com/html/triprex/preview/assets/img/home5/package-card3-img3.jpg]
[demo.egenslab.com/html/triprex/preview/assets/img/home5/package-card3-img4.jpg]
[demo.egenslab.com/html/triprex/preview/assets/img/home5/package-card3-img5.jpg]
[demo.egenslab.com/html/triprex/preview/assets/img/home5/package-card3-img6.jpg]
[demo.egenslab.com/html/triprex/preview/assets/img/home5/feature-img1.jpg]
[demo.egenslab.com/html/triprex/preview/assets/img/home5/feature-img2.jpg]
[demo.egenslab.com/html/triprex/preview/assets/img/home5/home5-banner2-img1.jpg]
[demo.egenslab.com/html/triprex/preview/assets/img/home5/home5-banner2-img2.jpg]
[demo.egenslab.com/html/triprex/preview/assets/img/home5/home5-banner2-img3.jpg]
[demo.egenslab.com/html/triprex/preview/assets/img/home5/country-bg.png]
[demo.egenslab.com/html/triprex/preview/assets/img/home5/location-card-img1.jpg]
[demo.egenslab.com/html/triprex/preview/assets/img/home5/location-card-img6.jpg]
[demo.egenslab.com/html/triprex/preview/assets/img/home5/location-card-img8.jpg]
[demo.egenslab.com/html/triprex/preview/assets/img/home5/vector/trustpilot-logo.svg]
[demo.egenslab.com/html/triprex/preview/assets/img/home5/vector/trustpilot-star.svg]
[demo.egenslab.com/html/triprex/preview/assets/img/home5/vector/tripadvisor-logo.svg]
[demo.egenslab.com/html/triprex/preview/assets/img/home5/vector/tripadvisor-star.svg]
[demo.egenslab.com/html/triprex/preview/assets/img/home5/testimonal-slider-left-img.jpg]
[demo.egenslab.com/html/triprex/preview/assets/img/home5/home5-testi-img1.png]
[demo.egenslab.com/html/triprex/preview/assets/img/home5/home5-testi-img2.png]
[demo.egenslab.com/html/triprex/preview/assets/img/home5/home5-testi-img3.png]
[demo.egenslab.com/html/triprex/preview/assets/img/home5/home5-testi-img4.png]
[demo.egenslab.com/html/triprex/preview/assets/img/home5/package-card4-img1.jpg]
[demo.egenslab.com/html/triprex/preview/assets/img/home5/package-card4-img2.jpg]
[demo.egenslab.com/html/triprex/preview/assets/img/home5/blog-card-img1.jpg]
[demo.egenslab.com/html/triprex/preview/assets/img/home5/blog-card-img2.jpg]
[demo.egenslab.com/html/triprex/preview/assets/img/home5/blog-card-img3.jpg]
[demo.egenslab.com/html/triprex/preview/assets/img/home5/blog-card-img4.jpg]
[demo.egenslab.com/html/triprex/preview/index5.html]
[demo.egenslab.com/html/triprex/preview/assets/img/home6/banner-package-card-img1.jpg]
[demo.egenslab.com/html/triprex/preview/assets/img/home6/banner-destination-img1.jpg]
[demo.egenslab.com/html/triprex/preview/assets/img/home6/banner-destination-icon1.svg]
[demo.egenslab.com/html/triprex/preview/assets/img/home6/banner-package-card-img2.jpg]
[demo.egenslab.com/html/triprex/preview/assets/img/home6/banner-destination-img2.jpg]
[demo.egenslab.com/html/triprex/preview/assets/img/home6/banner-package-card-img3.jpg]
[demo.egenslab.com/html/triprex/preview/assets/img/home6/banner-destination-img3.jpg]
[demo.egenslab.com/html/triprex/preview/assets/img/home6/banner-package-card-img4.jpg]
[demo.egenslab.com/html/triprex/preview/assets/img/home6/activity-card-img1.jpg]
[demo.egenslab.com/html/triprex/preview/assets/img/home6/activity-card-img2.jpg]
[demo.egenslab.com/html/triprex/preview/assets/img/home6/activity-card-img3.jpg]
[demo.egenslab.com/html/triprex/preview/assets/img/home6/activity-card-img4.jpg]
[demo.egenslab.com/html/triprex/preview/assets/img/home6/activity-card-img5.jpg]
[demo.egenslab.com/html/triprex/preview/assets/img/home6/activity-card-img6.jpg]
[demo.egenslab.com/html/triprex/preview/assets/img/home6/activity-card-img7.jpg]
[demo.egenslab.com/html/triprex/preview/assets/img/home6/destination-card-img1.jpg]
[demo.egenslab.com/html/triprex/preview/assets/img/home6/destination-card-img2.jpg]
[demo.egenslab.com/html/triprex/preview/assets/img/home6/destination-card-img3.jpg]
[demo.egenslab.com/html/triprex/preview/assets/img/home6/destination-card-img4.jpg]
[demo.egenslab.com/html/triprex/preview/assets/img/home6/destination-card-img5.jpg]
[demo.egenslab.com/html/triprex/preview/assets/img/home6/destination-card-img6.jpg]
[demo.egenslab.com/html/triprex/preview/assets/img/home6/destination-card-img7.jpg]
[demo.egenslab.com/html/triprex/preview/assets/img/home6/destination-card-img8.jpg]
[demo.egenslab.com/html/triprex/preview/assets/img/home6/about-video-img.jpg]
[demo.egenslab.com/html/triprex/preview/assets/img/home6/about-img.jpg]
[demo.egenslab.com/html/triprex/preview/assets/img/home1/package-card-img10.png]
[demo.egenslab.com/html/triprex/preview/assets/img/home6/zip-line-01.jpg]
[demo.egenslab.com/html/triprex/preview/assets/img/home6/zip-line-02.jpg]
[demo.egenslab.com/html/triprex/preview/assets/img/home6/bungee-jump-01.jpg]
[demo.egenslab.com/html/triprex/preview/assets/img/home6/bungee-jump-02.jpg]
[demo.egenslab.com/html/triprex/preview/assets/img/home6/rufting-01.jpg]
[demo.egenslab.com/html/triprex/preview/assets/img/home6/rufting-02.jpg]
[demo.egenslab.com/html/triprex/preview/assets/img/home6/paragliding-01.jpg]
[demo.egenslab.com/html/triprex/preview/assets/img/home6/paragliding-02.jpg]
[demo.egenslab.com/html/triprex/preview/assets/img/home6/ski-touring-01.jpg]
[demo.egenslab.com/html/triprex/preview/assets/img/home6/ski-touring-02.jpg]
[demo.egenslab.com/html/triprex/preview/assets/img/home6/surfing-01.jpg]
[demo.egenslab.com/html/triprex/preview/assets/img/home6/surfing-02.jpg]
[demo.egenslab.com/html/triprex/preview/assets/img/home6/banner2-left-img.png]
[demo.egenslab.com/html/triprex/preview/assets/img/home6/banner2-right-img.png]
[demo.egenslab.com/html/triprex/preview/assets/img/home6/icon/feature-icon1.svg]
[demo.egenslab.com/html/triprex/preview/assets/img/home6/icon/feature-icon2.svg]
[demo.egenslab.com/html/triprex/preview/assets/img/home6/icon/feature-icon3.svg]
[demo.egenslab.com/html/triprex/preview/assets/img/home6/icon/feature-icon4.svg]
[demo.egenslab.com/html/triprex/preview/assets/img/home6/feature-img1.jpg]
[demo.egenslab.com/html/triprex/preview/assets/img/home6/feature-img2.jpg]
[demo.egenslab.com/html/triprex/preview/assets/img/home6/package-card4-img1.jpg]
[demo.egenslab.com/html/triprex/preview/assets/img/home6/package-card4-img2.jpg]
[demo.egenslab.com/html/triprex/preview/assets/img/home6/package-card4-img3.jpg]
[demo.egenslab.com/html/triprex/preview/assets/img/home6/blog-card-img1.jpg]
[demo.egenslab.com/html/triprex/preview/assets/img/home6/blog-card-img2.jpg]
[demo.egenslab.com/html/triprex/preview/assets/img/home6/blog-card-img3.jpg]
[demo.egenslab.com/html/triprex/preview/assets/img/home6/testimonial-author-img1.png]
[demo.egenslab.com/html/triprex/preview/assets/img/home6/testimonial-author-img3.png]
[demo.egenslab.com/html/triprex/preview/index6.html]
[demo.egenslab.com/html/triprex/preview/assets/img/home2/activities-slider-img1.png]
[demo.egenslab.com/html/triprex/preview/assets/img/home2/activities-slider-img2.png]
[demo.egenslab.com/html/triprex/preview/about.html]
[demo.egenslab.com/html/triprex/preview/package-grid.html]
[demo.egenslab.com/html/triprex/preview/blog-sidebar.html]
[demo.egenslab.com/html/triprex/preview/package-sidebar.html]
[demo.egenslab.com/html/triprex/preview/package-top-search.html]
[demo.egenslab.com/html/triprex/preview/package-category.html]
[demo.egenslab.com/html/triprex/preview/assets/js/range-slider.js]
[demo.egenslab.com/html/triprex/preview/assets/img/innerpage/package-01.jpg]
[demo.egenslab.com/html/triprex/preview/assets/img/innerpage/package-02.jpg]
[demo.egenslab.com/html/triprex/preview/assets/img/innerpage/package-03.jpg]
[demo.egenslab.com/html/triprex/preview/assets/img/innerpage/package-04.jpg]
[demo.egenslab.com/html/triprex/preview/assets/img/innerpage/package-05.jpg]
[demo.egenslab.com/html/triprex/preview/assets/img/innerpage/blog-grid-img3.jpg]
[demo.egenslab.com/html/triprex/preview/package-details.html]
[demo.egenslab.com/html/triprex/preview/assets/img/home1/destination-card-img6.jpg]
[demo.egenslab.com/html/triprex/preview/assets/img/home1/destination-card-img7.jpg]
[demo.egenslab.com/html/triprex/preview/assets/img/home1/destination-card-img8.jpg]
[demo.egenslab.com/html/triprex/preview/assets/img/home1/destination-card-img9.jpg]
[demo.egenslab.com/html/triprex/preview/destination1.html]
[demo.egenslab.com/html/triprex/preview/assets/img/innerpage/destination3-img1.jpg]
[demo.egenslab.com/html/triprex/preview/assets/img/innerpage/destination3-img2.jpg]
[demo.egenslab.com/html/triprex/preview/assets/img/innerpage/destination3-img3.jpg]
[demo.egenslab.com/html/triprex/preview/assets/img/innerpage/destination3-img4.jpg]
[demo.egenslab.com/html/triprex/preview/destination3.html]
[demo.egenslab.com/html/triprex/preview/assets/img/innerpage/destination4-img1.jpg]
[demo.egenslab.com/html/triprex/preview/assets/img/innerpage/destination4-img2.jpg]
[demo.egenslab.com/html/triprex/preview/assets/img/innerpage/destination4-img3.jpg]
[demo.egenslab.com/html/triprex/preview/destination4.html]
[demo.egenslab.com/html/triprex/preview/assets/img/innerpage/destination5-img1.jpg]
[demo.egenslab.com/html/triprex/preview/assets/img/innerpage/destination5-img2.jpg]
[demo.egenslab.com/html/triprex/preview/assets/img/innerpage/destination5-img4.jpg]
[demo.egenslab.com/html/triprex/preview/assets/img/innerpage/destination5-img5.jpg]
[demo.egenslab.com/html/triprex/preview/assets/img/innerpage/destination5-img6.jpg]
[demo.egenslab.com/html/triprex/preview/destination5.html]
[demo.egenslab.com/html/triprex/preview/hotel-suits.html]
[demo.egenslab.com/html/triprex/preview/assets/img/innerpage/room-01.jpg]
[demo.egenslab.com/html/triprex/preview/assets/img/innerpage/room-02.jpg]
[demo.egenslab.com/html/triprex/preview/assets/img/innerpage/room-03.jpg]
[demo.egenslab.com/html/triprex/preview/assets/img/innerpage/room-04.jpg]
[demo.egenslab.com/html/triprex/preview/assets/img/innerpage/room-05.jpg]
[demo.egenslab.com/html/triprex/preview/hotel-details.html]
[demo.egenslab.com/html/triprex/preview/assets/img/innerpage/bangladesh.png]
[demo.egenslab.com/html/triprex/preview/assets/img/innerpage/nepal.png]
[demo.egenslab.com/html/triprex/preview/assets/img/innerpage/italy.png]
[demo.egenslab.com/html/triprex/preview/assets/img/innerpage/Germany.png]
[demo.egenslab.com/html/triprex/preview/assets/img/innerpage/Thailand.png]
[demo.egenslab.com/html/triprex/preview/assets/img/innerpage/Argentina.png]
[demo.egenslab.com/html/triprex/preview/assets/img/innerpage/france.png]
[demo.egenslab.com/html/triprex/preview/assets/img/innerpage/jungle-hiking1.jpg]
[demo.egenslab.com/html/triprex/preview/assets/img/innerpage/via-ferrate-01.jpg]
[demo.egenslab.com/html/triprex/preview/assets/img/innerpage/mountain-01.jpg]
[demo.egenslab.com/html/triprex/preview/assets/img/innerpage/India.png]
[demo.egenslab.com/html/triprex/preview/assets/img/innerpage/caving.jpg]
[demo.egenslab.com/html/triprex/preview/assets/img/innerpage/scuba-diving-01.jpg]
[demo.egenslab.com/html/triprex/preview/assets/img/innerpage/sky-diving-01.jpg]
[demo.egenslab.com/html/triprex/preview/activities.html]
[demo.egenslab.com/html/triprex/preview/transport.html]
[demo.egenslab.com/html/triprex/preview/assets/img/innerpage/car-img.jpg]
[demo.egenslab.com/html/triprex/preview/assets/img/innerpage/car-img1.jpg]
[demo.egenslab.com/html/triprex/preview/assets/img/innerpage/car-img2.jpg]
[demo.egenslab.com/html/triprex/preview/assets/img/innerpage/tab-big-01.jpg]
[demo.egenslab.com/html/triprex/preview/assets/img/innerpage/tab-big-011.jpg]
[demo.egenslab.com/html/triprex/preview/assets/img/innerpage/tab-big-012.jpg]
[demo.egenslab.com/html/triprex/preview/assets/img/innerpage/tab-big-03.jpg]
[demo.egenslab.com/html/triprex/preview/assets/img/innerpage/tab-big-031.jpg]
[demo.egenslab.com/html/triprex/preview/assets/img/innerpage/tab-big-032.jpg]
[demo.egenslab.com/html/triprex/preview/assets/img/innerpage/tab-big-04.jpg]
[demo.egenslab.com/html/triprex/preview/assets/img/innerpage/tab-big-041.jpg]
[demo.egenslab.com/html/triprex/preview/assets/img/innerpage/tab-big-042.jpg]
[demo.egenslab.com/html/triprex/preview/assets/img/innerpage/tab-big-05.jpg]
[demo.egenslab.com/html/triprex/preview/assets/img/innerpage/tab-big-051.jpg]
[demo.egenslab.com/html/triprex/preview/assets/img/innerpage/tab-big-052.jpg]
[demo.egenslab.com/html/triprex/preview/assets/img/innerpage/tab-sm-img02.jpg]
[demo.egenslab.com/html/triprex/preview/assets/img/innerpage/tab-sm-img01.jpg]
[demo.egenslab.com/html/triprex/preview/assets/img/innerpage/tab-sm-img03.jpg]
[demo.egenslab.com/html/triprex/preview/assets/img/innerpage/tab-sm-img04.jpg]
[demo.egenslab.com/html/triprex/preview/assets/img/innerpage/tab-sm-img05.jpg]
[demo.egenslab.com/html/triprex/preview/transport-details.html]
[demo.egenslab.com/html/triprex/preview/assets/img/innerpage/visa-package-img1.jpg]
[demo.egenslab.com/html/triprex/preview/assets/img/innerpage/visa-package-img2.jpg]
[demo.egenslab.com/html/triprex/preview/assets/img/innerpage/visa-package-img3.jpg]
[demo.egenslab.com/html/triprex/preview/assets/img/innerpage/visa-package-img4.jpg]
[demo.egenslab.com/html/triprex/preview/visa.html]
[demo.egenslab.com/html/triprex/preview/assets/img/innerpage/visa-bt-img.jpg]
[demo.egenslab.com/html/triprex/preview/visa-details.html]
[demo.egenslab.com/html/triprex/preview/assets/img/innerpage/blog-grid-img1.jpg]
[demo.egenslab.com/html/triprex/preview/assets/img/innerpage/blog-grid-img2.jpg]
[demo.egenslab.com/html/triprex/preview/assets/img/innerpage/blog-grid-img4.jpg]
[demo.egenslab.com/html/triprex/preview/assets/img/innerpage/blog-grid-img5.jpg]
[demo.egenslab.com/html/triprex/preview/assets/img/innerpage/blog-grid-img6.jpg]
[demo.egenslab.com/html/triprex/preview/blog-grid.html]
[demo.egenslab.com/html/triprex/preview/assets/img/innerpage/blog-standard-img1.jpg]
[demo.egenslab.com/html/triprex/preview/assets/img/innerpage/blog-standard-img2.jpg]
[demo.egenslab.com/html/triprex/preview/assets/img/innerpage/blog-standard-img3.jpg]
[demo.egenslab.com/html/triprex/preview/blog-standard.html]
[demo.egenslab.com/html/triprex/preview/assets/img/innerpage/recent-post-img1.png]
[demo.egenslab.com/html/triprex/preview/assets/img/innerpage/recent-post-img2.png]
[demo.egenslab.com/html/triprex/preview/assets/img/innerpage/recent-post-img3.png]
[demo.egenslab.com/html/triprex/preview/blog-grid-sidebar.html]
[demo.egenslab.com/html/triprex/preview/blog-standard-sidebar.html]
[demo.egenslab.com/html/triprex/preview/assets/img/innerpage/blog-meta-author-img.png]
[demo.egenslab.com/html/triprex/preview/assets/img/innerpage/blog-details-img1.jpg]
[demo.egenslab.com/html/triprex/preview/blog-details]
[demo.egenslab.com/html/triprex/preview/assets/img/innerpage/comment-author-03.jpg]
[demo.egenslab.com/html/triprex/preview/blog-details.html]
[demo.egenslab.com/html/triprex/preview/assets/img/innerpage/teams-card-img1.png]
[demo.egenslab.com/html/triprex/preview/assets/img/innerpage/teams-card-img2.png]
[demo.egenslab.com/html/triprex/preview/assets/img/innerpage/teams-card-img3.png]
[demo.egenslab.com/html/triprex/preview/guide1.html]
[demo.egenslab.com/html/triprex/preview/assets/img/innerpage/guide2-img1.png]
[demo.egenslab.com/html/triprex/preview/assets/img/innerpage/guide2-img2.png]
[demo.egenslab.com/html/triprex/preview/assets/img/innerpage/guide2-img3.png]
[demo.egenslab.com/html/triprex/preview/assets/img/innerpage/guide2-img4.png]
[demo.egenslab.com/html/triprex/preview/guide2.html]
[demo.egenslab.com/html/triprex/preview/assets/img/innerpage/guide3-img1.png]
[demo.egenslab.com/html/triprex/preview/assets/img/innerpage/guide3-img2.png]
[demo.egenslab.com/html/triprex/preview/assets/img/innerpage/guide3-img3.png]
[demo.egenslab.com/html/triprex/preview/guide3.html]
[demo.egenslab.com/html/triprex/preview/guide4.html]
[demo.egenslab.com/html/triprex/preview/guide5.html]
[demo.egenslab.com/html/triprex/preview/assets/img/innerpage/product-img1.jpg]
[demo.egenslab.com/html/triprex/preview/assets/img/innerpage/product-img2.jpg]
[demo.egenslab.com/html/triprex/preview/assets/img/innerpage/product-img3.jpg]
[demo.egenslab.com/html/triprex/preview/assets/img/innerpage/product-img4.jpg]
[demo.egenslab.com/html/triprex/preview/assets/img/innerpage/product-img5.jpg]
[demo.egenslab.com/html/triprex/preview/assets/img/innerpage/product-img6.jpg]
[demo.egenslab.com/html/triprex/preview/assets/img/innerpage/product-img7.jpg]
[demo.egenslab.com/html/triprex/preview/assets/img/innerpage/product-img8.jpg]
[demo.egenslab.com/html/triprex/preview/assets/img/innerpage/product-img9.jpg]
[demo.egenslab.com/html/triprex/preview/shop.html]
[demo.egenslab.com/html/triprex/preview/assets/img/innerpage/payment-img1.svg]
[demo.egenslab.com/html/triprex/preview/assets/img/innerpage/payment-img2.svg]
[demo.egenslab.com/html/triprex/preview/assets/img/innerpage/payment-img3.svg]
[demo.egenslab.com/html/triprex/preview/assets/img/innerpage/payment-img4.svg]
[demo.egenslab.com/html/triprex/preview/assets/img/innerpage/payment-img5.svg]
[demo.egenslab.com/html/triprex/preview/assets/img/innerpage/payment-img6.svg]
[demo.egenslab.com/html/triprex/preview/assets/img/innerpage/payment-img7.svg]
[demo.egenslab.com/html/triprex/preview/product-details.html]
[demo.egenslab.com/html/triprex/preview/cart.html]
[demo.egenslab.com/html/triprex/preview/assets/img/innerpage/icon/payPal.svg]
[demo.egenslab.com/html/triprex/preview/assets/img/innerpage/icon/stripe.svg]
[demo.egenslab.com/html/triprex/preview/assets/img/innerpage/icon/offline.svg]
[demo.egenslab.com/html/triprex/preview/checkout.html]
[demo.egenslab.com/html/triprex/preview/assets/css/dashboard.css]
[demo.egenslab.com/html/triprex/preview/tour-upload.html]
[demo.egenslab.com/html/triprex/preview/all-tour.html]
[demo.egenslab.com/html/triprex/preview/hotel-upload.html]
[demo.egenslab.com/html/triprex/preview/all-hotel.html]
[demo.egenslab.com/html/triprex/preview/visa-upload.html]
[demo.egenslab.com/html/triprex/preview/all-visa.html]
[demo.egenslab.com/html/triprex/preview/activites-upload.html]
[demo.egenslab.com/html/triprex/preview/all-activities.html]
[demo.egenslab.com/html/triprex/preview/transports-upload.html]
[demo.egenslab.com/html/triprex/preview/all-transports.html]
[demo.egenslab.com/html/triprex/preview/booking-list.html]
[demo.egenslab.com/html/triprex/preview/customer-list.html]
[demo.egenslab.com/html/triprex/preview/dashboard.html]
[demo.egenslab.com/html/triprex/preview/dashboard-profile.html]
[demo.egenslab.com/html/triprex/preview/customer-booking-list.html]
[demo.egenslab.com/html/triprex/preview/customer-profile.html]
[demo.egenslab.com/html/triprex/preview/assets/img/innerpage/profile-img.png]
[demo.egenslab.com/html/triprex/preview/customer-dashboard.html]
[demo.egenslab.com/html/triprex/preview/assets/img/innerpage/gallery-07.jpg]
[demo.egenslab.com/html/triprex/preview/assets/img/innerpage/gallery-08.jpg]
[demo.egenslab.com/html/triprex/preview/assets/img/innerpage/gallery-09.jpg]
[demo.egenslab.com/html/triprex/preview/gallery.html]
[demo.egenslab.com/html/triprex/preview/faq.html]
[demo.egenslab.com/html/triprex/preview/error.html]
[demo.egenslab.com/html/triprex/preview/contact.html]
[demo.egenslab.com/html/triprex/preview/assets/img/home1/icon/tripadvisor-logo.svg]
[demo.egenslab.com/html/triprex/preview/assets/img/home2/icon/facility-card-icon1.svg]
[demo.egenslab.com/html/triprex/preview/assets/img/home2/icon/facility-card-icon2.svg]
[demo.egenslab.com/html/triprex/preview/assets/img/home2/icon/facility-card-icon3.svg]
[demo.egenslab.com/html/triprex/preview/assets/img/home2/vector/plane-vector.svg]
[demo.egenslab.com/html/triprex/preview/assets/img/home2/icon/tripadvisor-star.svg]
[demo.egenslab.com/html/triprex/preview/assets/img/home2/icon/tripadvisor-logo.svg]
[demo.egenslab.com/html/triprex/preview/assets/img/home2/icon/trustpilot-logo.svg]
[demo.egenslab.com/html/triprex/preview/assets/img/home2/icon/trustpilot-star.svg]
[demo.egenslab.com/html/triprex/preview/assets/img/home2/icon/tripadvisor-logo2.svg]
[demo.egenslab.com/html/triprex/preview/assets/img/home2/icon/tripadvisor-star2.svg]
[demo.egenslab.com/html/triprex/preview/assets/img/home2/vector/testi-quote.svg]
[demo.egenslab.com/html/triprex/preview/assets/img/home1/icon/visa-logo.svg]
[demo.egenslab.com/html/triprex/preview/assets/img/home1/icon/stripe-logo.svg]
[demo.egenslab.com/html/triprex/preview/assets/img/home1/icon/paypal-logo.svg]
[demo.egenslab.com/html/triprex/preview/assets/img/home1/icon/woo-logo.svg]
[demo.egenslab.com/html/triprex/preview/assets/img/home1/icon/skrill-logo.svg]
[demo.egenslab.com/html/triprex/preview/assets/webfonts/fa-brands-400.svg]
[demo.egenslab.com/html/triprex/preview/assets/webfonts/fa-regular-400.svg]
[demo.egenslab.com/html/triprex/preview/assets/webfonts/fa-solid-900.svg]
[demo.egenslab.com/html/triprex/preview/assets/css/fonts/slick.svg]
[demo.egenslab.com/html/triprex/preview/assets/fonts/boxiconsd41d.svg]
[demo.egenslab.com/html/triprex/preview/assets/img/home5/vector/primary-btn5-bg.svg]
[demo.egenslab.com/html/triprex/preview/assets/img/home5/vector/secondary-btn3-bg.svg]
[demo.egenslab.com/html/triprex/preview/assets/img/home2/vector/section-title-tag.svg]
[demo.egenslab.com/html/triprex/preview/assets/img/home5/vector/section-title4-tag-bg.svg]
[demo.egenslab.com/html/triprex/preview/assets/img/home1/vector/destination-banner-batch-bg.svg]
[demo.egenslab.com/html/triprex/preview/assets/img/home1/vector/destination-tag.svg]
[demo.egenslab.com/html/triprex/preview/assets/img/home1/vector/section-bg-vector1.svg]
[demo.egenslab.com/html/triprex/preview/assets/img/home1/vector/activities-content-tag.svg]
[demo.egenslab.com/html/triprex/preview/assets/img/home1/vector/section-bg-vector2.svg]
[demo.egenslab.com/html/triprex/preview/assets/img/home1/vector/banner2-content-bg1.svg]
[demo.egenslab.com/html/triprex/preview/assets/img/home1/vector/banner2-content-bg2.svg]
[demo.egenslab.com/html/triprex/preview/assets/img/home1/vector/banner2-content-bg3.svg]
[demo.egenslab.com/html/triprex/preview/assets/img/home1/vector/banner2-content-bg4.svg]
[demo.egenslab.com/html/triprex/preview/assets/img/home3/vector/banner2-content-bg2.svg]
[demo.egenslab.com/html/triprex/preview/assets/img/home3/vector/banner2-content-bg1.svg]
[demo.egenslab.com/html/triprex/preview/assets/img/home2/vector/testimonial-card-bg.svg]
[demo.egenslab.com/html/triprex/preview/assets/img/home1/vector/package-card2-tag.svg]
[demo.egenslab.com/html/triprex/preview/assets/img/home2/vector/destination-tag-bg.svg]
[demo.egenslab.com/html/triprex/preview/assets/img/home2/vector/package-card3-img-tag.svg]
[demo.egenslab.com/html/triprex/preview/assets/img/home3/vector/eg-batch-orange-vector.svg]
[demo.egenslab.com/html/triprex/preview/assets/img/home2/vector/home2-about-bg-vector.svg]
[demo.egenslab.com/html/triprex/preview/assets/img/home3/vector/destination-tag-bg.svg]
[demo.egenslab.com/html/triprex/preview/assets/img/home3/vector/activities-content-tag.svg]
[demo.egenslab.com/html/triprex/preview/assets/img/home3/vector/teams-section-vector.svg]
[demo.egenslab.com/html/triprex/preview/assets/img/home4/vector/home4-section-bg.svg]
[demo.egenslab.com/html/triprex/preview/assets/img/home4/vector/home4-section-bg2.svg]
[demo.egenslab.com/html/triprex/preview/assets/img/home4/vector/testi-vector1.svg]
[demo.egenslab.com/html/triprex/preview/assets/img/home4/vector/testi-vector2.svg]
[demo.egenslab.com/html/triprex/preview/assets/img/home5/vector/pagination-bg.svg]
[demo.egenslab.com/html/triprex/preview/assets/img/innerpage/icon/arrow.svg]
[demo.egenslab.com/html/triprex/preview/assets/img/innerpage/checkbox-check.svg]
[demo.egenslab.com/html/triprex/preview/assets/img/home1/vector/about-img-bg-vector.svg]
[demo.egenslab.com/html/triprex/preview/assets/img/home1/icon/tripadvisor-logo2.svg]
[demo.egenslab.com/html/triprex/preview/assets/img/home1/icon/tripadvisor-logo3.svg]
[demo.egenslab.com/html/triprex/preview/assets/img/home1/icon/facebook-logo.svg]
[demo.egenslab.com/html/triprex/preview/assets/img/home1/icon/google-logo.svg]
[demo.egenslab.com/html/triprex/preview/assets/img/home1/icon/tripadvisor-text-logo.svg]
[demo.egenslab.com/html/triprex/preview/assets/img/home1/icon/facebook-text-logo.svg]
[demo.egenslab.com/html/triprex/preview/assets/img/home1/icon/google-text-logo.svg]
[demo.egenslab.com/html/triprex/preview/assets/img/home3/icon/tripadvisor-sm-logo.svg]
[demo.egenslab.com/html/triprex/preview/assets/img/home3/vector/destination-vector1.svg]
[demo.egenslab.com/html/triprex/preview/assets/img/home3/vector/destination-vector2.svg]
[demo.egenslab.com/html/triprex/preview/assets/img/home3/vector/accordion-with-tab-vector1.svg]
[demo.egenslab.com/html/triprex/preview/assets/img/home3/vector/accordion-with-tab-vector2.svg]
[demo.egenslab.com/html/triprex/preview/assets/img/home3/vector/book-tour-vector.svg]
[demo.egenslab.com/html/triprex/preview/assets/img/home3/vector/tour-type-section-vector1.svg]
[demo.egenslab.com/html/triprex/preview/assets/img/home3/icon/testi-tripadvisor-logo.svg]
[demo.egenslab.com/html/triprex/preview/assets/img/home5/vector/trustpilot-logo.svg]
[demo.egenslab.com/html/triprex/preview/assets/img/home5/vector/trustpilot-star.svg]
[demo.egenslab.com/html/triprex/preview/assets/img/home5/vector/tripadvisor-logo.svg]
[demo.egenslab.com/html/triprex/preview/assets/img/home5/vector/tripadvisor-star.svg]
[demo.egenslab.com/html/triprex/preview/assets/img/home6/banner-destination-icon1.svg]
[demo.egenslab.com/html/triprex/preview/assets/img/home6/icon/feature-icon1.svg]
[demo.egenslab.com/html/triprex/preview/assets/img/home6/icon/feature-icon2.svg]
[demo.egenslab.com/html/triprex/preview/assets/img/home6/icon/feature-icon3.svg]
[demo.egenslab.com/html/triprex/preview/assets/img/home6/icon/feature-icon4.svg]
[demo.egenslab.com/html/triprex/preview/blog-sidebar.html]
[demo.egenslab.com/html/triprex/preview/blog-details-2.html]
[demo.egenslab.com/html/triprex/preview/assets/img/innerpage/payment-img1.svg]
[demo.egenslab.com/html/triprex/preview/assets/img/innerpage/payment-img2.svg]
[demo.egenslab.com/html/triprex/preview/assets/img/innerpage/payment-img3.svg]
[demo.egenslab.com/html/triprex/preview/assets/img/innerpage/payment-img4.svg]
[demo.egenslab.com/html/triprex/preview/assets/img/innerpage/payment-img5.svg]
[demo.egenslab.com/html/triprex/preview/assets/img/innerpage/payment-img6.svg]
[demo.egenslab.com/html/triprex/preview/assets/img/innerpage/payment-img7.svg]
[demo.egenslab.com/html/triprex/preview/assets/img/innerpage/icon/payPal.svg]
[demo.egenslab.com/html/triprex/preview/assets/img/innerpage/icon/stripe.svg]
[demo.egenslab.com/html/triprex/preview/assets/img/innerpage/icon/offline.svg]
[demo.egenslab.com/html/triprex/preview/assets/video/production_.mp4]
[demo.egenslab.com/html/triprex/preview/assets/img/innerpage/icon/checkbox-check.svg]
[demo.egenslab.com/html/triprex/preview/assets/css/dashboard.css]
[demo.egenslab.com/html/triprex/preview/assets/img/innerpage/icon/dashboard-switch-icon.svg]
[demo.egenslab.com/html/triprex/preview/assets/js/drop-zone.js]
[demo.egenslab.com/html/triprex/preview/tour-upload.html]
[demo.egenslab.com/html/triprex/preview/all-tour.html]
[demo.egenslab.com/html/triprex/preview/hotel-upload.html]
[demo.egenslab.com/html/triprex/preview/all-hotel.html]
[demo.egenslab.com/html/triprex/preview/visa-upload.html]
[demo.egenslab.com/html/triprex/preview/all-visa.html]
[demo.egenslab.com/html/triprex/preview/activites-upload.html]
[demo.egenslab.com/html/triprex/preview/all-activities.html]
[demo.egenslab.com/html/triprex/preview/transports-upload.html]
[demo.egenslab.com/html/triprex/preview/all-transports.html]
[demo.egenslab.com/html/triprex/preview/booking-list.html]
[demo.egenslab.com/html/triprex/preview/customer-list.html]
[demo.egenslab.com/html/triprex/preview/dashboard-profile.html]
[demo.egenslab.com/html/triprex/preview/customer-booking-list.html]
[demo.egenslab.com/html/triprex/preview/customer-profile.html]
[demo.egenslab.com/html/triprex/preview/assets/img/innerpage/icon/checkbox-check.svg]
[demo.egenslab.com/html/triprex/preview/assets/img/innerpage/icon/dashboard-switch-icon.svg]
